Archive member included because of file (symbol)

./bin/lib/ti/drivers/release/libdrivers.a(gpio_v2.o)
                              main.o (GPIOModuleReset)
./bin/lib/ti/utils/release/libutils.a(consoleUtils.o)
                              main.o (ConsoleUtilsPrintf)
./bin/lib/ti/utils/release/libutils.a(uartStdio.o)
                              ./bin/lib/ti/utils/release/libutils.a(consoleUtils.o) (UARTStdioInit)
./bin/lib/ti/utils/release/libutils.a(ascii.o)
                              ./bin/lib/ti/utils/release/libutils.a(uartStdio.o) (ASCIIToDigit)
./bin/lib/ti/platform/release/libplatform.a(gpio.o)
                              main.o (GPIO1ModuleClkConfig)
./bin/lib/ti/platform/release/libplatform.a(uartConsole.o)
                              ./bin/lib/ti/utils/release/libutils.a(uartStdio.o) (UARTConsoleInit)
./bin/lib/ti/platform/release/libplatform.a(uart.o)
                              ./bin/lib/ti/platform/release/libplatform.a(uartConsole.o) (UARTPinMuxSetup)
./bin/lib/ti/system_config/release/libsystem_config.a(init.o)
                              (Entry)
./bin/lib/ti/system_config/release/libsystem_config.a(startup.o)
                              ./bin/lib/ti/system_config/release/libsystem_config.a(init.o) (start_boot)
./bin/lib/ti/system_config/release/libsystem_config.a(cp15.o)
                              ./bin/lib/ti/system_config/release/libsystem_config.a(startup.o) (CP15VectorBaseAddrSet)
./bin/lib/ti/system_config/release/libsystem_config.a(exceptionhandler.o)
                              ./bin/lib/ti/system_config/release/libsystem_config.a(startup.o) (FIQHandler)
./bin/lib/ti/system_config/release/libsystem_config.a(interrupt.o)
                              ./bin/lib/ti/system_config/release/libsystem_config.a(exceptionhandler.o) (fnRAMVectors)
./bin/lib/ti/system_config/release/libsystem_config.a(cpu.o)
                              ./bin/lib/ti/system_config/release/libsystem_config.a(exceptionhandler.o) (CPUAbortHandler)
./bin/lib/rtos/release/librtos.a(portISR.o)
                              ./bin/lib/ti/system_config/release/libsystem_config.a(startup.o) (SVC_Handler)
./bin/lib/rtos/release/librtos.a(tasks.o)
                              main.o (xTaskCreate)
./bin/lib/rtos/release/librtos.a(heap_1.o)
                              ./bin/lib/rtos/release/librtos.a(tasks.o) (pvPortMalloc)
./bin/lib/rtos/release/librtos.a(list.o)
                              ./bin/lib/rtos/release/librtos.a(tasks.o) (vListInitialise)
./bin/lib/rtos/release/librtos.a(port.o)
                              ./bin/lib/rtos/release/librtos.a(tasks.o) (pxPortInitialiseStack)
./bin/lib/ti/drivers/release/libdrivers.a(dmtimer.o)
                              ./bin/lib/rtos/release/librtos.a(port.o) (DMTimerEnable)
./bin/lib/ti/drivers/release/libdrivers.a(uart_irda_cir.o)
                              ./bin/lib/ti/platform/release/libplatform.a(uartConsole.o) (UARTOperatingModeSelect)
./bin/lib/ti/platform/release/libplatform.a(dmtimer.o)
                              ./bin/lib/rtos/release/librtos.a(port.o) (DMTimer2ModuleClkConfig)
./bin/lib/ti/system_config/release/libsystem_config.a(cache.o)
                              ./bin/lib/rtos/release/librtos.a(port.o) (CacheEnable)
/opt/arm/lib/gcc/arm-none-eabi/4.7.4//libgcc.a(_udivsi3.o)
                              (__aeabi_uidiv)
/opt/arm/lib/gcc/arm-none-eabi/4.7.4//libgcc.a(_divsi3.o)
                              (__aeabi_idiv)
/opt/arm/lib/gcc/arm-none-eabi/4.7.4//libgcc.a(_dvmd_tls.o)
                              /opt/arm/lib/gcc/arm-none-eabi/4.7.4//libgcc.a(_udivsi3.o) (__aeabi_idiv0)

Allocating common symbols
Common symbol       size              file

fnRAMVectors        0x200             ./bin/lib/ti/system_config/release/libsystem_config.a(interrupt.o)

Discarded input sections

 .text          0x00000000        0x0 main.o
 .data          0x00000000        0x0 main.o
 .bss           0x00000000        0x0 main.o
 .text          0x00000000        0x0 ./bin/lib/ti/drivers/release/libdrivers.a(gpio_v2.o)
 .data          0x00000000        0x0 ./bin/lib/ti/drivers/release/libdrivers.a(gpio_v2.o)
 .bss           0x00000000        0x0 ./bin/lib/ti/drivers/release/libdrivers.a(gpio_v2.o)
 .text.GPIOModuleDisable
                0x00000000       0x10 ./bin/lib/ti/drivers/release/libdrivers.a(gpio_v2.o)
 .text.GPIODirModeGet
                0x00000000       0x18 ./bin/lib/ti/drivers/release/libdrivers.a(gpio_v2.o)
 .text.GPIOPinRead
                0x00000000       0x10 ./bin/lib/ti/drivers/release/libdrivers.a(gpio_v2.o)
 .text.GPIOMultiplePinsWrite
                0x00000000        0xc ./bin/lib/ti/drivers/release/libdrivers.a(gpio_v2.o)
 .text.GPIOMultiplePinsRead
                0x00000000        0xc ./bin/lib/ti/drivers/release/libdrivers.a(gpio_v2.o)
 .text.GPIOPinIntEnable
                0x00000000       0x18 ./bin/lib/ti/drivers/release/libdrivers.a(gpio_v2.o)
 .text.GPIOPinIntDisable
                0x00000000       0x18 ./bin/lib/ti/drivers/release/libdrivers.a(gpio_v2.o)
 .text.GPIOIntTypeSet
                0x00000000      0x1bc ./bin/lib/ti/drivers/release/libdrivers.a(gpio_v2.o)
 .text.GPIOIntTypeGet
                0x00000000       0x50 ./bin/lib/ti/drivers/release/libdrivers.a(gpio_v2.o)
 .text.GPIOPinIntStatus
                0x00000000       0x18 ./bin/lib/ti/drivers/release/libdrivers.a(gpio_v2.o)
 .text.GPIOPinIntClear
                0x00000000       0x18 ./bin/lib/ti/drivers/release/libdrivers.a(gpio_v2.o)
 .text.GPIORawIntStatus
                0x00000000       0x14 ./bin/lib/ti/drivers/release/libdrivers.a(gpio_v2.o)
 .text.GPIOTriggerPinInt
                0x00000000       0x18 ./bin/lib/ti/drivers/release/libdrivers.a(gpio_v2.o)
 .text.GPIOWakeupGlobalEnable
                0x00000000       0x10 ./bin/lib/ti/drivers/release/libdrivers.a(gpio_v2.o)
 .text.GPIOWakeupGlobalDisable
                0x00000000       0x10 ./bin/lib/ti/drivers/release/libdrivers.a(gpio_v2.o)
 .text.GPIOPinIntWakeUpEnable
                0x00000000       0x28 ./bin/lib/ti/drivers/release/libdrivers.a(gpio_v2.o)
 .text.GPIOPinIntWakeUpDisable
                0x00000000       0x28 ./bin/lib/ti/drivers/release/libdrivers.a(gpio_v2.o)
 .text.GPIOAutoIdleModeControl
                0x00000000       0x20 ./bin/lib/ti/drivers/release/libdrivers.a(gpio_v2.o)
 .text.GPIOIdleModeConfigure
                0x00000000       0x20 ./bin/lib/ti/drivers/release/libdrivers.a(gpio_v2.o)
 .text.GPIOGatingRatioConfigure
                0x00000000       0x20 ./bin/lib/ti/drivers/release/libdrivers.a(gpio_v2.o)
 .text.GPIODebounceFuncControl
                0x00000000       0x20 ./bin/lib/ti/drivers/release/libdrivers.a(gpio_v2.o)
 .text.GPIODebounceTimeConfig
                0x00000000        0xc ./bin/lib/ti/drivers/release/libdrivers.a(gpio_v2.o)
 .text.GPIORevisionInfoGet
                0x00000000        0x8 ./bin/lib/ti/drivers/release/libdrivers.a(gpio_v2.o)
 .text.gpioContextSave
                0x00000000       0x1c ./bin/lib/ti/drivers/release/libdrivers.a(gpio_v2.o)
 .text.gpioContextRestore
                0x00000000       0x1c ./bin/lib/ti/drivers/release/libdrivers.a(gpio_v2.o)
 .text          0x00000000        0x0 ./bin/lib/ti/utils/release/libutils.a(consoleUtils.o)
 .data          0x00000000        0x0 ./bin/lib/ti/utils/release/libutils.a(consoleUtils.o)
 .bss           0x00000000        0x0 ./bin/lib/ti/utils/release/libutils.a(consoleUtils.o)
 .text.ConsoleUtilsInit
                0x00000000       0x14 ./bin/lib/ti/utils/release/libutils.a(consoleUtils.o)
 .text.ConsoleUtilsSetType
                0x00000000       0x38 ./bin/lib/ti/utils/release/libutils.a(consoleUtils.o)
 .text.ConsoleUtilsScanf
                0x00000000       0x68 ./bin/lib/ti/utils/release/libutils.a(consoleUtils.o)
 .text.ConsoleUtilsGets
                0x00000000       0x48 ./bin/lib/ti/utils/release/libutils.a(consoleUtils.o)
 .text.ConsoleUtilsPuts
                0x00000000       0x30 ./bin/lib/ti/utils/release/libutils.a(consoleUtils.o)
 .text.ConsoleUtilsGetChar
                0x00000000       0x70 ./bin/lib/ti/utils/release/libutils.a(consoleUtils.o)
 .text.ConsoleUtilsPutChar
                0x00000000       0x44 ./bin/lib/ti/utils/release/libutils.a(consoleUtils.o)
 .text          0x00000000        0x0 ./bin/lib/ti/utils/release/libutils.a(uartStdio.o)
 .data          0x00000000        0x0 ./bin/lib/ti/utils/release/libutils.a(uartStdio.o)
 .bss           0x00000000        0x0 ./bin/lib/ti/utils/release/libutils.a(uartStdio.o)
 .text.UARTStdioInit
                0x00000000       0x14 ./bin/lib/ti/utils/release/libutils.a(uartStdio.o)
 .text.UARTGets
                0x00000000       0x98 ./bin/lib/ti/utils/release/libutils.a(uartStdio.o)
 .text.UARTPutNum
                0x00000000       0xb0 ./bin/lib/ti/utils/release/libutils.a(uartStdio.o)
 .text.UARTPutHexNum
                0x00000000       0xa0 ./bin/lib/ti/utils/release/libutils.a(uartStdio.o)
 .text.UARTGetNum
                0x00000000       0x68 ./bin/lib/ti/utils/release/libutils.a(uartStdio.o)
 .text.UARTGetHexNum
                0x00000000      0x164 ./bin/lib/ti/utils/release/libutils.a(uartStdio.o)
 .text.UARTPutc
                0x00000000       0x14 ./bin/lib/ti/utils/release/libutils.a(uartStdio.o)
 .text.UARTGetc
                0x00000000       0x14 ./bin/lib/ti/utils/release/libutils.a(uartStdio.o)
 .text.UARTprintf
                0x00000000      0x4c8 ./bin/lib/ti/utils/release/libutils.a(uartStdio.o)
 .text.UARTScanf
                0x00000000      0x718 ./bin/lib/ti/utils/release/libutils.a(uartStdio.o)
 .text          0x00000000        0x0 ./bin/lib/ti/utils/release/libutils.a(ascii.o)
 .data          0x00000000        0x0 ./bin/lib/ti/utils/release/libutils.a(ascii.o)
 .bss           0x00000000        0x0 ./bin/lib/ti/utils/release/libutils.a(ascii.o)
 .text.ASCIIToDigit
                0x00000000       0x84 ./bin/lib/ti/utils/release/libutils.a(ascii.o)
 .text.DigitToASCII
                0x00000000       0x38 ./bin/lib/ti/utils/release/libutils.a(ascii.o)
 .text.StrToEthrAddr
                0x00000000       0x80 ./bin/lib/ti/utils/release/libutils.a(ascii.o)
 .text.EthrAddrToStr
                0x00000000       0x84 ./bin/lib/ti/utils/release/libutils.a(ascii.o)
 .text.TimeToStr
                0x00000000       0x98 ./bin/lib/ti/utils/release/libutils.a(ascii.o)
 .text.DateToStr
                0x00000000       0x98 ./bin/lib/ti/utils/release/libutils.a(ascii.o)
 .debug_info    0x00000000      0x38a ./bin/lib/ti/utils/release/libutils.a(ascii.o)
 .debug_abbrev  0x00000000      0x171 ./bin/lib/ti/utils/release/libutils.a(ascii.o)
 .debug_loc     0x00000000      0x4e2 ./bin/lib/ti/utils/release/libutils.a(ascii.o)
 .debug_aranges
                0x00000000       0x48 ./bin/lib/ti/utils/release/libutils.a(ascii.o)
 .debug_ranges  0x00000000       0x38 ./bin/lib/ti/utils/release/libutils.a(ascii.o)
 .debug_line    0x00000000      0x16e ./bin/lib/ti/utils/release/libutils.a(ascii.o)
 .debug_str     0x00000000      0x182 ./bin/lib/ti/utils/release/libutils.a(ascii.o)
 .comment       0x00000000       0x71 ./bin/lib/ti/utils/release/libutils.a(ascii.o)
 .ARM.attributes
                0x00000000       0x3d ./bin/lib/ti/utils/release/libutils.a(ascii.o)
 .debug_frame   0x00000000       0xcc ./bin/lib/ti/utils/release/libutils.a(ascii.o)
 .text          0x00000000        0x0 ./bin/lib/ti/platform/release/libplatform.a(gpio.o)
 .data          0x00000000        0x0 ./bin/lib/ti/platform/release/libplatform.a(gpio.o)
 .bss           0x00000000        0x0 ./bin/lib/ti/platform/release/libplatform.a(gpio.o)
 .text.GPIO1Pin23PinMuxSetup
                0x00000000       0x14 ./bin/lib/ti/platform/release/libplatform.a(gpio.o)
 .text.GPIO0ModuleClkConfig
                0x00000000       0xdc ./bin/lib/ti/platform/release/libplatform.a(gpio.o)
 .text.GPIO1PinMuxSetup
                0x00000000       0x1c ./bin/lib/ti/platform/release/libplatform.a(gpio.o)
 .text.GpioPinMuxSetup
                0x00000000       0x10 ./bin/lib/ti/platform/release/libplatform.a(gpio.o)
 .text          0x00000000        0x0 ./bin/lib/ti/platform/release/libplatform.a(uartConsole.o)
 .data          0x00000000        0x0 ./bin/lib/ti/platform/release/libplatform.a(uartConsole.o)
 .bss           0x00000000        0x0 ./bin/lib/ti/platform/release/libplatform.a(uartConsole.o)
 .text.UARTConsoleInit
                0x00000000       0xf0 ./bin/lib/ti/platform/release/libplatform.a(uartConsole.o)
 .text.UARTConsoleGetc
                0x00000000       0x20 ./bin/lib/ti/platform/release/libplatform.a(uartConsole.o)
 .text          0x00000000        0x0 ./bin/lib/ti/platform/release/libplatform.a(uart.o)
 .data          0x00000000        0x0 ./bin/lib/ti/platform/release/libplatform.a(uart.o)
 .bss           0x00000000        0x0 ./bin/lib/ti/platform/release/libplatform.a(uart.o)
 .text.UARTPinMuxSetup
                0x00000000       0x24 ./bin/lib/ti/platform/release/libplatform.a(uart.o)
 .text.UART0ModuleClkConfig
                0x00000000      0x25c ./bin/lib/ti/platform/release/libplatform.a(uart.o)
 .debug_info    0x00000000       0x7b ./bin/lib/ti/platform/release/libplatform.a(uart.o)
 .debug_abbrev  0x00000000       0x62 ./bin/lib/ti/platform/release/libplatform.a(uart.o)
 .debug_aranges
                0x00000000       0x28 ./bin/lib/ti/platform/release/libplatform.a(uart.o)
 .debug_ranges  0x00000000       0x18 ./bin/lib/ti/platform/release/libplatform.a(uart.o)
 .debug_line    0x00000000      0x107 ./bin/lib/ti/platform/release/libplatform.a(uart.o)
 .debug_str     0x00000000       0xf2 ./bin/lib/ti/platform/release/libplatform.a(uart.o)
 .comment       0x00000000       0x71 ./bin/lib/ti/platform/release/libplatform.a(uart.o)
 .ARM.attributes
                0x00000000       0x3d ./bin/lib/ti/platform/release/libplatform.a(uart.o)
 .debug_frame   0x00000000       0x30 ./bin/lib/ti/platform/release/libplatform.a(uart.o)
 .data          0x00000000        0x0 ./bin/lib/ti/system_config/release/libsystem_config.a(init.o)
 .bss           0x00000000        0x0 ./bin/lib/ti/system_config/release/libsystem_config.a(init.o)
 .text          0x00000000        0x0 ./bin/lib/ti/system_config/release/libsystem_config.a(startup.o)
 .data          0x00000000        0x0 ./bin/lib/ti/system_config/release/libsystem_config.a(startup.o)
 .bss           0x00000000        0x0 ./bin/lib/ti/system_config/release/libsystem_config.a(startup.o)
 .rodata.AM335X_VECTOR_BASE
                0x00000000        0x4 ./bin/lib/ti/system_config/release/libsystem_config.a(startup.o)
 .data          0x00000000        0x0 ./bin/lib/ti/system_config/release/libsystem_config.a(cp15.o)
 .bss           0x00000000        0x0 ./bin/lib/ti/system_config/release/libsystem_config.a(cp15.o)
 .data          0x00000000        0x0 ./bin/lib/ti/system_config/release/libsystem_config.a(exceptionhandler.o)
 .bss           0x00000000        0x0 ./bin/lib/ti/system_config/release/libsystem_config.a(exceptionhandler.o)
 .text          0x00000000        0x0 ./bin/lib/ti/system_config/release/libsystem_config.a(interrupt.o)
 .data          0x00000000        0x0 ./bin/lib/ti/system_config/release/libsystem_config.a(interrupt.o)
 .bss           0x00000000        0x0 ./bin/lib/ti/system_config/release/libsystem_config.a(interrupt.o)
 .text.IntUnRegister
                0x00000000       0x18 ./bin/lib/ti/system_config/release/libsystem_config.a(interrupt.o)
 .text.IntSystemDisable
                0x00000000       0x24 ./bin/lib/ti/system_config/release/libsystem_config.a(interrupt.o)
 .text.IntIfClkFreeRunSet
                0x00000000       0x18 ./bin/lib/ti/system_config/release/libsystem_config.a(interrupt.o)
 .text.IntIfClkAutoGateSet
                0x00000000       0x18 ./bin/lib/ti/system_config/release/libsystem_config.a(interrupt.o)
 .text.IntSpurIrqFlagGet
                0x00000000       0x14 ./bin/lib/ti/system_config/release/libsystem_config.a(interrupt.o)
 .text.IntProtectionEnable
                0x00000000       0x14 ./bin/lib/ti/system_config/release/libsystem_config.a(interrupt.o)
 .text.IntProtectionDisable
                0x00000000       0x18 ./bin/lib/ti/system_config/release/libsystem_config.a(interrupt.o)
 .text.IntSyncClkFreeRunSet
                0x00000000       0x18 ./bin/lib/ti/system_config/release/libsystem_config.a(interrupt.o)
 .text.IntSyncClkAutoGateSet
                0x00000000       0x18 ./bin/lib/ti/system_config/release/libsystem_config.a(interrupt.o)
 .text.IntFuncClkFreeRunSet
                0x00000000       0x18 ./bin/lib/ti/system_config/release/libsystem_config.a(interrupt.o)
 .text.IntFuncClkAutoGateSet
                0x00000000       0x18 ./bin/lib/ti/system_config/release/libsystem_config.a(interrupt.o)
 .text.IntCurrIrqPriorityGet
                0x00000000       0x14 ./bin/lib/ti/system_config/release/libsystem_config.a(interrupt.o)
 .text.IntPriorityThresholdGet
                0x00000000       0x14 ./bin/lib/ti/system_config/release/libsystem_config.a(interrupt.o)
 .text.IntPriorityThresholdSet
                0x00000000       0x14 ./bin/lib/ti/system_config/release/libsystem_config.a(interrupt.o)
 .text.IntRawStatusGet
                0x00000000       0x24 ./bin/lib/ti/system_config/release/libsystem_config.a(interrupt.o)
 .text.IntSoftwareIntSet
                0x00000000       0x20 ./bin/lib/ti/system_config/release/libsystem_config.a(interrupt.o)
 .text.IntSoftwareIntClear
                0x00000000       0x20 ./bin/lib/ti/system_config/release/libsystem_config.a(interrupt.o)
 .text.IntPendingIrqMaskedStatusGet
                0x00000000       0x24 ./bin/lib/ti/system_config/release/libsystem_config.a(interrupt.o)
 .text.IntMasterIRQDisable
                0x00000000       0x14 ./bin/lib/ti/system_config/release/libsystem_config.a(interrupt.o)
 .text.IntMasterFIQEnable
                0x00000000       0x14 ./bin/lib/ti/system_config/release/libsystem_config.a(interrupt.o)
 .text.IntMasterFIQDisable
                0x00000000       0x14 ./bin/lib/ti/system_config/release/libsystem_config.a(interrupt.o)
 .text.IntMasterStatusGet
                0x00000000       0x14 ./bin/lib/ti/system_config/release/libsystem_config.a(interrupt.o)
 .text.IntDisable
                0x00000000       0x28 ./bin/lib/ti/system_config/release/libsystem_config.a(interrupt.o)
 .text.IntEnable
                0x00000000       0x1c ./bin/lib/ti/system_config/release/libsystem_config.a(interrupt.o)
 .text          0x00000000        0x0 ./bin/lib/ti/system_config/release/libsystem_config.a(cpu.o)
 .data          0x00000000        0x0 ./bin/lib/ti/system_config/release/libsystem_config.a(cpu.o)
 .bss           0x00000000        0x0 ./bin/lib/ti/system_config/release/libsystem_config.a(cpu.o)
 .text.CPUSwitchToPrivilegedMode
                0x00000000        0x8 ./bin/lib/ti/system_config/release/libsystem_config.a(cpu.o)
 .text.CPUSwitchToUserMode
                0x00000000       0x14 ./bin/lib/ti/system_config/release/libsystem_config.a(cpu.o)
 .text.CPUAbortHandler
                0x00000000        0x4 ./bin/lib/ti/system_config/release/libsystem_config.a(cpu.o)
 .text.CPUIntStatus
                0x00000000        0xc ./bin/lib/ti/system_config/release/libsystem_config.a(cpu.o)
 .text.CPUirqd  0x00000000       0x14 ./bin/lib/ti/system_config/release/libsystem_config.a(cpu.o)
 .text.CPUfiqd  0x00000000       0x14 ./bin/lib/ti/system_config/release/libsystem_config.a(cpu.o)
 .text.CPUfiqe  0x00000000       0x14 ./bin/lib/ti/system_config/release/libsystem_config.a(cpu.o)
 .text          0x00000000        0x0 ./bin/lib/rtos/release/librtos.a(portISR.o)
 .data          0x00000000        0x0 ./bin/lib/rtos/release/librtos.a(portISR.o)
 .bss           0x00000000        0x0 ./bin/lib/rtos/release/librtos.a(portISR.o)
 .text          0x00000000        0x0 ./bin/lib/rtos/release/librtos.a(tasks.o)
 .data          0x00000000        0x0 ./bin/lib/rtos/release/librtos.a(tasks.o)
 .bss           0x00000000        0x0 ./bin/lib/rtos/release/librtos.a(tasks.o)
 .text.vTaskDelete
                0x00000000      0x108 ./bin/lib/rtos/release/librtos.a(tasks.o)
 .text.uxTaskPriorityGet
                0x00000000       0x3c ./bin/lib/rtos/release/librtos.a(tasks.o)
 .text.uxTaskPriorityGetFromISR
                0x00000000       0x18 ./bin/lib/rtos/release/librtos.a(tasks.o)
 .text.vTaskPrioritySet
                0x00000000      0x110 ./bin/lib/rtos/release/librtos.a(tasks.o)
 .text.vTaskResume
                0x00000000       0xd4 ./bin/lib/rtos/release/librtos.a(tasks.o)
 .text.xTaskResumeFromISR
                0x00000000       0xe0 ./bin/lib/rtos/release/librtos.a(tasks.o)
 .text.vTaskEndScheduler
                0x00000000       0x38 ./bin/lib/rtos/release/librtos.a(tasks.o)
 .text.xTaskGetTickCount
                0x00000000       0x30 ./bin/lib/rtos/release/librtos.a(tasks.o)
 .text.xTaskGetTickCountFromISR
                0x00000000       0x10 ./bin/lib/rtos/release/librtos.a(tasks.o)
 .text.uxTaskGetNumberOfTasks
                0x00000000       0x10 ./bin/lib/rtos/release/librtos.a(tasks.o)
 .text.pcTaskGetName
                0x00000000       0x18 ./bin/lib/rtos/release/librtos.a(tasks.o)
 .text.vTaskDelayUntil
                0x00000000       0x88 ./bin/lib/rtos/release/librtos.a(tasks.o)
 .text.vTaskSuspend
                0x00000000       0xf4 ./bin/lib/rtos/release/librtos.a(tasks.o)
 .text.vTaskPlaceOnEventList
                0x00000000       0x3c ./bin/lib/rtos/release/librtos.a(tasks.o)
 .text.vTaskPlaceOnUnorderedEventList
                0x00000000       0x48 ./bin/lib/rtos/release/librtos.a(tasks.o)
 .text.xTaskRemoveFromEventList
                0x00000000       0xc4 ./bin/lib/rtos/release/librtos.a(tasks.o)
 .text.xTaskRemoveFromUnorderedEventList
                0x00000000       0x94 ./bin/lib/rtos/release/librtos.a(tasks.o)
 .text.vTaskSetTimeOutState
                0x00000000       0x20 ./bin/lib/rtos/release/librtos.a(tasks.o)
 .text.xTaskCheckForTimeOut
                0x00000000       0xa0 ./bin/lib/rtos/release/librtos.a(tasks.o)
 .text.vTaskMissedYield
                0x00000000       0x14 ./bin/lib/rtos/release/librtos.a(tasks.o)
 .text.uxTaskResetEventItemValue
                0x00000000       0x28 ./bin/lib/rtos/release/librtos.a(tasks.o)
 .text.ulTaskNotifyTake
                0x00000000       0xac ./bin/lib/rtos/release/librtos.a(tasks.o)
 .text.xTaskNotifyWait
                0x00000000       0xd4 ./bin/lib/rtos/release/librtos.a(tasks.o)
 .text.xTaskGenericNotify
                0x00000000      0x11c ./bin/lib/rtos/release/librtos.a(tasks.o)
 .text.xTaskGenericNotifyFromISR
                0x00000000      0x148 ./bin/lib/rtos/release/librtos.a(tasks.o)
 .text.vTaskNotifyGiveFromISR
                0x00000000       0xe0 ./bin/lib/rtos/release/librtos.a(tasks.o)
 .text.xTaskNotifyStateClear
                0x00000000       0x50 ./bin/lib/rtos/release/librtos.a(tasks.o)
 .text          0x00000000        0x0 ./bin/lib/rtos/release/librtos.a(heap_1.o)
 .data          0x00000000        0x0 ./bin/lib/rtos/release/librtos.a(heap_1.o)
 .bss           0x00000000        0x0 ./bin/lib/rtos/release/librtos.a(heap_1.o)
 .text.vPortInitialiseBlocks
                0x00000000       0x14 ./bin/lib/rtos/release/librtos.a(heap_1.o)
 .text.xPortGetFreeHeapSize
                0x00000000       0x18 ./bin/lib/rtos/release/librtos.a(heap_1.o)
 .text          0x00000000        0x0 ./bin/lib/rtos/release/librtos.a(list.o)
 .data          0x00000000        0x0 ./bin/lib/rtos/release/librtos.a(list.o)
 .bss           0x00000000        0x0 ./bin/lib/rtos/release/librtos.a(list.o)
 .text          0x00000000        0x0 ./bin/lib/rtos/release/librtos.a(port.o)
 .data          0x00000000        0x0 ./bin/lib/rtos/release/librtos.a(port.o)
 .bss           0x00000000        0x0 ./bin/lib/rtos/release/librtos.a(port.o)
 .text.vPortEndScheduler
                0x00000000        0x4 ./bin/lib/rtos/release/librtos.a(port.o)
 .text          0x00000000        0x0 ./bin/lib/ti/drivers/release/libdrivers.a(dmtimer.o)
 .data          0x00000000        0x0 ./bin/lib/ti/drivers/release/libdrivers.a(dmtimer.o)
 .bss           0x00000000        0x0 ./bin/lib/ti/drivers/release/libdrivers.a(dmtimer.o)
 .text.DMTimerDisable
                0x00000000       0x2c ./bin/lib/ti/drivers/release/libdrivers.a(dmtimer.o)
 .text.DMTimerPreScalerClkEnable
                0x00000000       0x58 ./bin/lib/ti/drivers/release/libdrivers.a(dmtimer.o)
 .text.DMTimerPreScalerClkDisable
                0x00000000       0x2c ./bin/lib/ti/drivers/release/libdrivers.a(dmtimer.o)
 .text.DMTimerCounterGet
                0x00000000       0x24 ./bin/lib/ti/drivers/release/libdrivers.a(dmtimer.o)
 .text.DMTimerReloadGet
                0x00000000        0x8 ./bin/lib/ti/drivers/release/libdrivers.a(dmtimer.o)
 .text.DMTimerGPOConfigure
                0x00000000       0x58 ./bin/lib/ti/drivers/release/libdrivers.a(dmtimer.o)
 .text.DMTimerCompareSet
                0x00000000       0x24 ./bin/lib/ti/drivers/release/libdrivers.a(dmtimer.o)
 .text.DMTimerCompareGet
                0x00000000        0x8 ./bin/lib/ti/drivers/release/libdrivers.a(dmtimer.o)
 .text.DMTimerIntRawStatusSet
                0x00000000        0xc ./bin/lib/ti/drivers/release/libdrivers.a(dmtimer.o)
 .text.DMTimerIntRawStatusGet
                0x00000000        0x8 ./bin/lib/ti/drivers/release/libdrivers.a(dmtimer.o)
 .text.DMTimerIntStatusGet
                0x00000000        0x8 ./bin/lib/ti/drivers/release/libdrivers.a(dmtimer.o)
 .text.DMTimerTriggerSet
                0x00000000       0x28 ./bin/lib/ti/drivers/release/libdrivers.a(dmtimer.o)
 .text.DMTimerIntEnableGet
                0x00000000        0x8 ./bin/lib/ti/drivers/release/libdrivers.a(dmtimer.o)
 .text.DMTimerResetConfigure
                0x00000000       0x20 ./bin/lib/ti/drivers/release/libdrivers.a(dmtimer.o)
 .text.DMTimerReset
                0x00000000       0x20 ./bin/lib/ti/drivers/release/libdrivers.a(dmtimer.o)
 .text.DMTimerContextSave
                0x00000000       0x48 ./bin/lib/ti/drivers/release/libdrivers.a(dmtimer.o)
 .text.DMTimerContextRestore
                0x00000000       0x9c ./bin/lib/ti/drivers/release/libdrivers.a(dmtimer.o)
 .text.DMTimerPostedModeConfig
                0x00000000       0x20 ./bin/lib/ti/drivers/release/libdrivers.a(dmtimer.o)
 .text.DMTimerWritePostedStatusGet
                0x00000000        0x8 ./bin/lib/ti/drivers/release/libdrivers.a(dmtimer.o)
 .text          0x00000000        0x0 ./bin/lib/ti/drivers/release/libdrivers.a(uart_irda_cir.o)
 .data          0x00000000        0x0 ./bin/lib/ti/drivers/release/libdrivers.a(uart_irda_cir.o)
 .bss           0x00000000        0x0 ./bin/lib/ti/drivers/release/libdrivers.a(uart_irda_cir.o)
 .text.UARTOperatingModeSelect
                0x00000000       0x2c ./bin/lib/ti/drivers/release/libdrivers.a(uart_irda_cir.o)
 .text.UARTDivisorValCompute
                0x00000000       0x68 ./bin/lib/ti/drivers/release/libdrivers.a(uart_irda_cir.o)
 .text.UARTDivisorLatchEnable
                0x00000000       0x10 ./bin/lib/ti/drivers/release/libdrivers.a(uart_irda_cir.o)
 .text.UARTDivisorLatchDisable
                0x00000000       0x10 ./bin/lib/ti/drivers/release/libdrivers.a(uart_irda_cir.o)
 .text.UARTRegConfigModeEnable
                0x00000000       0x44 ./bin/lib/ti/drivers/release/libdrivers.a(uart_irda_cir.o)
 .text.UARTDivisorLatchWrite
                0x00000000      0x13c ./bin/lib/ti/drivers/release/libdrivers.a(uart_irda_cir.o)
 .text.UARTRegConfModeRestore
                0x00000000        0x8 ./bin/lib/ti/drivers/release/libdrivers.a(uart_irda_cir.o)
 .text.UARTBreakCtl
                0x00000000       0x20 ./bin/lib/ti/drivers/release/libdrivers.a(uart_irda_cir.o)
 .text.UARTLineCharacConfig
                0x00000000       0x3c ./bin/lib/ti/drivers/release/libdrivers.a(uart_irda_cir.o)
 .text.UARTParityModeSet
                0x00000000       0x20 ./bin/lib/ti/drivers/release/libdrivers.a(uart_irda_cir.o)
 .text.UARTParityModeGet
                0x00000000        0xc ./bin/lib/ti/drivers/release/libdrivers.a(uart_irda_cir.o)
 .text.UARTDMAEnable
                0x00000000       0x30 ./bin/lib/ti/drivers/release/libdrivers.a(uart_irda_cir.o)
 .text.UARTDMADisable
                0x00000000       0x1c ./bin/lib/ti/drivers/release/libdrivers.a(uart_irda_cir.o)
 .text.UARTFIFORegisterWrite
                0x00000000       0x88 ./bin/lib/ti/drivers/release/libdrivers.a(uart_irda_cir.o)
 .text.UARTEnhanFuncEnable
                0x00000000       0x2c ./bin/lib/ti/drivers/release/libdrivers.a(uart_irda_cir.o)
 .text.UARTEnhanFuncBitValRestore
                0x00000000       0x30 ./bin/lib/ti/drivers/release/libdrivers.a(uart_irda_cir.o)
 .text.UARTSubConfigMSRSPRModeEn
                0x00000000       0x74 ./bin/lib/ti/drivers/release/libdrivers.a(uart_irda_cir.o)
 .text.UARTSubConfigTCRTLRModeEn
                0x00000000       0x74 ./bin/lib/ti/drivers/release/libdrivers.a(uart_irda_cir.o)
 .text.UARTSubConfigXOFFModeEn
                0x00000000       0x74 ./bin/lib/ti/drivers/release/libdrivers.a(uart_irda_cir.o)
 .text.UARTTCRTLRBitValRestore
                0x00000000       0x78 ./bin/lib/ti/drivers/release/libdrivers.a(uart_irda_cir.o)
 .text.UARTFIFOConfig
                0x00000000      0x224 ./bin/lib/ti/drivers/release/libdrivers.a(uart_irda_cir.o)
 .text.UARTIntEnable
                0x00000000       0x84 ./bin/lib/ti/drivers/release/libdrivers.a(uart_irda_cir.o)
 .text.UARTIntDisable
                0x00000000       0x74 ./bin/lib/ti/drivers/release/libdrivers.a(uart_irda_cir.o)
 .text.UARTSpaceAvail
                0x00000000       0x28 ./bin/lib/ti/drivers/release/libdrivers.a(uart_irda_cir.o)
 .text.UARTCharsAvail
                0x00000000       0x20 ./bin/lib/ti/drivers/release/libdrivers.a(uart_irda_cir.o)
 .text.UARTCharPutNonBlocking
                0x00000000       0x2c ./bin/lib/ti/drivers/release/libdrivers.a(uart_irda_cir.o)
 .text.UARTCharGetNonBlocking
                0x00000000       0x30 ./bin/lib/ti/drivers/release/libdrivers.a(uart_irda_cir.o)
 .text.UARTCharGet
                0x00000000       0x30 ./bin/lib/ti/drivers/release/libdrivers.a(uart_irda_cir.o)
 .text.UARTCharGetTimeout
                0x00000000       0x68 ./bin/lib/ti/drivers/release/libdrivers.a(uart_irda_cir.o)
 .text.UARTFIFOCharPut
                0x00000000        0x8 ./bin/lib/ti/drivers/release/libdrivers.a(uart_irda_cir.o)
 .text.UARTFIFOCharGet
                0x00000000        0xc ./bin/lib/ti/drivers/release/libdrivers.a(uart_irda_cir.o)
 .text.UARTFIFOWrite
                0x00000000       0x24 ./bin/lib/ti/drivers/release/libdrivers.a(uart_irda_cir.o)
 .text.UARTRxErrorGet
                0x00000000       0x20 ./bin/lib/ti/drivers/release/libdrivers.a(uart_irda_cir.o)
 .text.UARTIntIdentityGet
                0x00000000       0x20 ./bin/lib/ti/drivers/release/libdrivers.a(uart_irda_cir.o)
 .text.UARTIntPendingStatusGet
                0x00000000       0x20 ./bin/lib/ti/drivers/release/libdrivers.a(uart_irda_cir.o)
 .text.UARTFIFOEnableStatusGet
                0x00000000       0x28 ./bin/lib/ti/drivers/release/libdrivers.a(uart_irda_cir.o)
 .text.UARTAutoRTSAutoCTSControl
                0x00000000       0x40 ./bin/lib/ti/drivers/release/libdrivers.a(uart_irda_cir.o)
 .text.UARTSpecialCharDetectControl
                0x00000000       0x30 ./bin/lib/ti/drivers/release/libdrivers.a(uart_irda_cir.o)
 .text.UARTSoftwareFlowCtrlOptSet
                0x00000000       0x30 ./bin/lib/ti/drivers/release/libdrivers.a(uart_irda_cir.o)
 .text.UARTPulseShapingControl
                0x00000000       0x20 ./bin/lib/ti/drivers/release/libdrivers.a(uart_irda_cir.o)
 .text.UARTModuleReset
                0x00000000       0x20 ./bin/lib/ti/drivers/release/libdrivers.a(uart_irda_cir.o)
 .text.UARTIdleModeConfigure
                0x00000000       0x20 ./bin/lib/ti/drivers/release/libdrivers.a(uart_irda_cir.o)
 .text.UARTWakeUpControl
                0x00000000       0x20 ./bin/lib/ti/drivers/release/libdrivers.a(uart_irda_cir.o)
 .text.UARTAutoIdleModeControl
                0x00000000       0x20 ./bin/lib/ti/drivers/release/libdrivers.a(uart_irda_cir.o)
 .text.UARTFlowCtrlTrigLvlConfig
                0x00000000       0x18 ./bin/lib/ti/drivers/release/libdrivers.a(uart_irda_cir.o)
 .text.UARTXON1XOFF1ValProgram
                0x00000000        0xc ./bin/lib/ti/drivers/release/libdrivers.a(uart_irda_cir.o)
 .text.UARTXON2XOFF2ValProgram
                0x00000000        0xc ./bin/lib/ti/drivers/release/libdrivers.a(uart_irda_cir.o)
 .text.UARTXONAnyFeatureControl
                0x00000000       0x5c ./bin/lib/ti/drivers/release/libdrivers.a(uart_irda_cir.o)
 .text.UARTLoopbackModeControl
                0x00000000       0x20 ./bin/lib/ti/drivers/release/libdrivers.a(uart_irda_cir.o)
 .text.UARTModemControlSet
                0x00000000       0x14 ./bin/lib/ti/drivers/release/libdrivers.a(uart_irda_cir.o)
 .text.UARTModemControlClear
                0x00000000       0x14 ./bin/lib/ti/drivers/release/libdrivers.a(uart_irda_cir.o)
 .text.UARTModemStatusGet
                0x00000000        0xc ./bin/lib/ti/drivers/release/libdrivers.a(uart_irda_cir.o)
 .text.UARTModemStatusChangeCheck
                0x00000000        0xc ./bin/lib/ti/drivers/release/libdrivers.a(uart_irda_cir.o)
 .text.UARTResumeOperation
                0x00000000        0x8 ./bin/lib/ti/drivers/release/libdrivers.a(uart_irda_cir.o)
 .text.UARTWakeUpEventsEnable
                0x00000000       0x14 ./bin/lib/ti/drivers/release/libdrivers.a(uart_irda_cir.o)
 .text.UARTWakeUpEventsDisable
                0x00000000       0x14 ./bin/lib/ti/drivers/release/libdrivers.a(uart_irda_cir.o)
 .text.UARTFIFOTrigLvlGranControl
                0x00000000       0x30 ./bin/lib/ti/drivers/release/libdrivers.a(uart_irda_cir.o)
 .text.UARTDSRInterruptControl
                0x00000000       0x20 ./bin/lib/ti/drivers/release/libdrivers.a(uart_irda_cir.o)
 .text.UARTTxEmptyIntControl
                0x00000000       0x20 ./bin/lib/ti/drivers/release/libdrivers.a(uart_irda_cir.o)
 .text.UARTRXCTSDSRWakeUpConfigure
                0x00000000       0x20 ./bin/lib/ti/drivers/release/libdrivers.a(uart_irda_cir.o)
 .text.UARTRXCTSDSRTransitionStatusGet
                0x00000000        0xc ./bin/lib/ti/drivers/release/libdrivers.a(uart_irda_cir.o)
 .text.UARTDMACounterResetControl
                0x00000000       0x20 ./bin/lib/ti/drivers/release/libdrivers.a(uart_irda_cir.o)
 .text.UARTTxFIFOFullStatusGet
                0x00000000        0xc ./bin/lib/ti/drivers/release/libdrivers.a(uart_irda_cir.o)
 .text.UARTTxFIFOLevelGet
                0x00000000        0x8 ./bin/lib/ti/drivers/release/libdrivers.a(uart_irda_cir.o)
 .text.UARTRxFIFOLevelGet
                0x00000000        0x8 ./bin/lib/ti/drivers/release/libdrivers.a(uart_irda_cir.o)
 .text.UARTAutobaudParityGet
                0x00000000       0x1c ./bin/lib/ti/drivers/release/libdrivers.a(uart_irda_cir.o)
 .text.UARTAutobaudWordLenGet
                0x00000000       0x1c ./bin/lib/ti/drivers/release/libdrivers.a(uart_irda_cir.o)
 .text.UARTAutobaudSpeedGet
                0x00000000       0x1c ./bin/lib/ti/drivers/release/libdrivers.a(uart_irda_cir.o)
 .text.UARTScratchPadRegWrite
                0x00000000       0x20 ./bin/lib/ti/drivers/release/libdrivers.a(uart_irda_cir.o)
 .text.UARTScratchPadRegRead
                0x00000000        0xc ./bin/lib/ti/drivers/release/libdrivers.a(uart_irda_cir.o)
 .text.UARTModuleVersionNumberGet
                0x00000000        0xc ./bin/lib/ti/drivers/release/libdrivers.a(uart_irda_cir.o)
 .text.UARTTxDMAThresholdControl
                0x00000000       0x20 ./bin/lib/ti/drivers/release/libdrivers.a(uart_irda_cir.o)
 .text.UARTTxDMAThresholdValConfig
                0x00000000       0x20 ./bin/lib/ti/drivers/release/libdrivers.a(uart_irda_cir.o)
 .text          0x00000000        0x0 ./bin/lib/ti/platform/release/libplatform.a(dmtimer.o)
 .data          0x00000000        0x0 ./bin/lib/ti/platform/release/libplatform.a(dmtimer.o)
 .bss           0x00000000        0x0 ./bin/lib/ti/platform/release/libplatform.a(dmtimer.o)
 .text.DMTimer3ModuleClkConfig
                0x00000000      0x1a8 ./bin/lib/ti/platform/release/libplatform.a(dmtimer.o)
 .text.DMTimer4ModuleClkConfig
                0x00000000      0x1b4 ./bin/lib/ti/platform/release/libplatform.a(dmtimer.o)
 .text.DMTimer6ModuleClkConfig
                0x00000000       0x80 ./bin/lib/ti/platform/release/libplatform.a(dmtimer.o)
 .text.DMTimer7ModuleClkConfig
                0x00000000      0x1a8 ./bin/lib/ti/platform/release/libplatform.a(dmtimer.o)
 .text.DMTimer1msModuleClkConfig
                0x00000000       0x84 ./bin/lib/ti/platform/release/libplatform.a(dmtimer.o)
 .text          0x00000000        0x0 ./bin/lib/ti/system_config/release/libsystem_config.a(cache.o)
 .data          0x00000000        0x0 ./bin/lib/ti/system_config/release/libsystem_config.a(cache.o)
 .bss           0x00000000        0x0 ./bin/lib/ti/system_config/release/libsystem_config.a(cache.o)
 .text.CacheDisable
                0x00000000       0x68 ./bin/lib/ti/system_config/release/libsystem_config.a(cache.o)
 .text.CacheInstInvalidateAll
                0x00000000       0x14 ./bin/lib/ti/system_config/release/libsystem_config.a(cache.o)
 .text.CacheInstInvalidateBuff
                0x00000000       0x14 ./bin/lib/ti/system_config/release/libsystem_config.a(cache.o)
 .text.CacheDataCleanInvalidateAll
                0x00000000       0x14 ./bin/lib/ti/system_config/release/libsystem_config.a(cache.o)
 .text.CacheDataCleanAll
                0x00000000       0x14 ./bin/lib/ti/system_config/release/libsystem_config.a(cache.o)
 .text.CacheDataInvalidateAll
                0x00000000       0x14 ./bin/lib/ti/system_config/release/libsystem_config.a(cache.o)
 .text.CacheDataCleanBuff
                0x00000000       0x14 ./bin/lib/ti/system_config/release/libsystem_config.a(cache.o)
 .text.CacheDataInvalidateBuff
                0x00000000       0x14 ./bin/lib/ti/system_config/release/libsystem_config.a(cache.o)
 .text.CacheDataCleanInvalidateBuff
                0x00000000       0x14 ./bin/lib/ti/system_config/release/libsystem_config.a(cache.o)
 .data          0x00000000        0x0 /opt/arm/lib/gcc/arm-none-eabi/4.7.4//libgcc.a(_udivsi3.o)
 .bss           0x00000000        0x0 /opt/arm/lib/gcc/arm-none-eabi/4.7.4//libgcc.a(_udivsi3.o)
 .data          0x00000000        0x0 /opt/arm/lib/gcc/arm-none-eabi/4.7.4//libgcc.a(_divsi3.o)
 .bss           0x00000000        0x0 /opt/arm/lib/gcc/arm-none-eabi/4.7.4//libgcc.a(_divsi3.o)
 .data          0x00000000        0x0 /opt/arm/lib/gcc/arm-none-eabi/4.7.4//libgcc.a(_dvmd_tls.o)
 .bss           0x00000000        0x0 /opt/arm/lib/gcc/arm-none-eabi/4.7.4//libgcc.a(_dvmd_tls.o)

Memory Configuration

Name             Origin             Length             Attributes
DDR0             0x80000000         0x10000000
*default*        0x00000000         0xffffffff

Linker script and memory map

LOAD main.o

.startcode      0x80000000       0xb4
                0x80000000                . = ALIGN (0x4)
 *init.o(.text)
 .text          0x80000000       0xb4 ./bin/lib/ti/system_config/release/libsystem_config.a(init.o)
                0x80000000                Entry

.text           0x800000b4     0x2638
                0x800000b4                . = ALIGN (0x4)
 *(.text*)
 .text.bad1     0x800000b4       0x20 main.o
                0x800000b4                bad1
 .text.vLED_blink
                0x800000d4       0x74 main.o
                0x800000d4                vLED_blink
 .text.init     0x80000148       0x64 main.o
                0x80000148                init
 .text.startup.main
                0x800001ac       0x84 main.o
                0x800001ac                main
 .text.GPIOModuleReset
                0x80000230       0x20 ./bin/lib/ti/drivers/release/libdrivers.a(gpio_v2.o)
                0x80000230                GPIOModuleReset
 .text.GPIOModuleEnable
                0x80000250       0x10 ./bin/lib/ti/drivers/release/libdrivers.a(gpio_v2.o)
                0x80000250                GPIOModuleEnable
 .text.GPIODirModeSet
                0x80000260       0x1c ./bin/lib/ti/drivers/release/libdrivers.a(gpio_v2.o)
                0x80000260                GPIODirModeSet
 .text.GPIOPinWrite
                0x8000027c       0x1c ./bin/lib/ti/drivers/release/libdrivers.a(gpio_v2.o)
                0x8000027c                GPIOPinWrite
 .text.ConsoleUtilsPrintf
                0x80000298       0x64 ./bin/lib/ti/utils/release/libutils.a(consoleUtils.o)
                0x80000298                ConsoleUtilsPrintf
 .text.UARTPuts
                0x800002fc       0x78 ./bin/lib/ti/utils/release/libutils.a(uartStdio.o)
                0x800002fc                UARTPuts
 .text.UARTwrite
                0x80000374       0x58 ./bin/lib/ti/utils/release/libutils.a(uartStdio.o)
                0x80000374                UARTwrite
 .text.UARTPrintf
                0x800003cc      0x4bc ./bin/lib/ti/utils/release/libutils.a(uartStdio.o)
                0x800003cc                UARTPrintf
 .text.GPIO1ModuleClkConfig
                0x80000888       0x78 ./bin/lib/ti/platform/release/libplatform.a(gpio.o)
                0x80000888                GPIO1ModuleClkConfig
 .text.UARTConsolePutc
                0x80000900       0x20 ./bin/lib/ti/platform/release/libplatform.a(uartConsole.o)
                0x80000900                UARTConsolePutc
 .text.start_boot
                0x80000920       0x60 ./bin/lib/ti/system_config/release/libsystem_config.a(startup.o)
                0x80000920                start_boot
 .text          0x80000980      0x488 ./bin/lib/ti/system_config/release/libsystem_config.a(cp15.o)
                0x80000980                CP15ICacheDisable
                0x8000099c                CP15DCacheDisable
                0x800009b8                CP15ICacheEnable
                0x800009c8                CP15DCacheEnable
                0x800009d8                CP15DCacheFlush
                0x80000a6c                CP15DCacheClean
                0x80000b00                CP15DCacheCleanFlush
                0x80000b94                CP15ICacheFlush
                0x80000ba4                CP15DCacheCleanBuff
                0x80000bf8                CP15DCacheCleanFlushBuff
                0x80000c4c                CP15DCacheFlushBuff
                0x80000cb0                CP15ICacheFlushBuff
                0x80000d04                CP15Ttb0Set
                0x80000d10                CP15TlbInvalidate
                0x80000d1c                CP15MMUDisable
                0x80000d34                CP15MMUEnable
                0x80000d48                CP15VectorBaseAddrSet
                0x80000d54                CP15BranchPredictorInvalidate
                0x80000d60                CP15BranchPredictionEnable
                0x80000d70                CP15BranchPredictionDisable
                0x80000d80                CP15DomainAccessClientSet
                0x80000d90                CP15ControlFeatureDisable
                0x80000da4                CP15ControlFeatureEnable
                0x80000db8                CP15TtbCtlTtb0Config
                0x80000dc8                CP15AuxControlFeatureEnable
                0x80000ddc                CP15AuxControlFeatureDisable
                0x80000df0                CP15MainIdPrimPartNumGet
 .text          0x80000e08       0xf0 ./bin/lib/ti/system_config/release/libsystem_config.a(exceptionhandler.o)
                0x80000edc                FIQHandler
                0x80000ee0                UndefInstHandler
                0x80000ee0                AbortHandler
 .text.IntDefaultHandler
                0x80000ef8        0x4 ./bin/lib/ti/system_config/release/libsystem_config.a(interrupt.o)
 .text.IntRegister
                0x80000efc       0x10 ./bin/lib/ti/system_config/release/libsystem_config.a(interrupt.o)
                0x80000efc                IntRegister
 .text.IntAINTCInit
                0x80000f0c       0x54 ./bin/lib/ti/system_config/release/libsystem_config.a(interrupt.o)
                0x80000f0c                IntAINTCInit
 .text.IntPrioritySet
                0x80000f60       0x24 ./bin/lib/ti/system_config/release/libsystem_config.a(interrupt.o)
                0x80000f60                IntPrioritySet
 .text.IntSystemEnable
                0x80000f84       0x24 ./bin/lib/ti/system_config/release/libsystem_config.a(interrupt.o)
                0x80000f84                IntSystemEnable
 .text.IntActiveIrqNumGet
                0x80000fa8       0x14 ./bin/lib/ti/system_config/release/libsystem_config.a(interrupt.o)
                0x80000fa8                IntActiveIrqNumGet
 .text.IntMasterIRQEnable
                0x80000fbc       0x14 ./bin/lib/ti/system_config/release/libsystem_config.a(interrupt.o)
                0x80000fbc                IntMasterIRQEnable
 .text.CPUirqe  0x80000fd0       0x14 ./bin/lib/ti/system_config/release/libsystem_config.a(cpu.o)
                0x80000fd0                CPUirqe
 .text.SVC_Handler
                0x80000fe4       0xc0 ./bin/lib/rtos/release/librtos.a(portISR.o)
                0x80000fe4                SVC_Handler
 .text.IRQHandler
                0x800010a4       0xc4 ./bin/lib/rtos/release/librtos.a(portISR.o)
                0x800010a4                IRQHandler
 .text.vTickISR
                0x80001168       0x70 ./bin/lib/rtos/release/librtos.a(portISR.o)
                0x80001168                vTickISR
 .text.vPortEnterCritical
                0x800011d8       0x2c ./bin/lib/rtos/release/librtos.a(portISR.o)
                0x800011d8                vPortEnterCritical
 .text.vPortExitCritical
                0x80001204       0x44 ./bin/lib/rtos/release/librtos.a(portISR.o)
                0x80001204                vPortExitCritical
 .text.prvResetNextTaskUnblockTime
                0x80001248       0x38 ./bin/lib/rtos/release/librtos.a(tasks.o)
 .text.prvAddCurrentTaskToDelayedList
                0x80001280       0xd8 ./bin/lib/rtos/release/librtos.a(tasks.o)
 .text.xTaskCreate
                0x80001358      0x2a4 ./bin/lib/rtos/release/librtos.a(tasks.o)
                0x80001358                xTaskCreate
 .text.vTaskStartScheduler
                0x800015fc       0x9c ./bin/lib/rtos/release/librtos.a(tasks.o)
                0x800015fc                vTaskStartScheduler
 .text.vTaskSuspendAll
                0x80001698       0x18 ./bin/lib/rtos/release/librtos.a(tasks.o)
                0x80001698                vTaskSuspendAll
 .text.xTaskIncrementTick
                0x800016b0      0x1d8 ./bin/lib/rtos/release/librtos.a(tasks.o)
                0x800016b0                xTaskIncrementTick
 .text.xTaskResumeAll
                0x80001888      0x180 ./bin/lib/rtos/release/librtos.a(tasks.o)
                0x80001888                xTaskResumeAll
 .text.prvIdleTask
                0x80001a08       0xe8 ./bin/lib/rtos/release/librtos.a(tasks.o)
 .text.vTaskDelay
                0x80001af0       0x50 ./bin/lib/rtos/release/librtos.a(tasks.o)
                0x80001af0                vTaskDelay
 .text.vTaskSwitchContext
                0x80001b40       0xb8 ./bin/lib/rtos/release/librtos.a(tasks.o)
                0x80001b40                vTaskSwitchContext
 .text.pvPortMalloc
                0x80001bf8       0x8c ./bin/lib/rtos/release/librtos.a(heap_1.o)
                0x80001bf8                pvPortMalloc
 .text.vPortFree
                0x80001c84        0x4 ./bin/lib/rtos/release/librtos.a(heap_1.o)
                0x80001c84                vPortFree
 .text.vListInitialise
                0x80001c88       0x24 ./bin/lib/rtos/release/librtos.a(list.o)
                0x80001c88                vListInitialise
 .text.vListInitialiseItem
                0x80001cac        0xc ./bin/lib/rtos/release/librtos.a(list.o)
                0x80001cac                vListInitialiseItem
 .text.vListInsertEnd
                0x80001cb8       0x28 ./bin/lib/rtos/release/librtos.a(list.o)
                0x80001cb8                vListInsertEnd
 .text.vListInsert
                0x80001ce0       0x60 ./bin/lib/rtos/release/librtos.a(list.o)
                0x80001ce0                vListInsert
 .text.uxListRemove
                0x80001d40       0x38 ./bin/lib/rtos/release/librtos.a(list.o)
                0x80001d40                uxListRemove
 .text.pxPortInitialiseStack
                0x80001d78      0x188 ./bin/lib/rtos/release/librtos.a(port.o)
                0x80001d78                pxPortInitialiseStack
 .text.xPortStartScheduler
                0x80001f00      0x13c ./bin/lib/rtos/release/librtos.a(port.o)
                0x80001f00                xPortStartScheduler
 .text.DMTimerEnable
                0x8000203c       0x2c ./bin/lib/ti/drivers/release/libdrivers.a(dmtimer.o)
                0x8000203c                DMTimerEnable
 .text.DMTimerModeConfigure
                0x80002068       0x58 ./bin/lib/ti/drivers/release/libdrivers.a(dmtimer.o)
                0x80002068                DMTimerModeConfigure
 .text.DMTimerCounterSet
                0x800020c0       0x24 ./bin/lib/ti/drivers/release/libdrivers.a(dmtimer.o)
                0x800020c0                DMTimerCounterSet
 .text.DMTimerReloadSet
                0x800020e4       0x24 ./bin/lib/ti/drivers/release/libdrivers.a(dmtimer.o)
                0x800020e4                DMTimerReloadSet
 .text.DMTimerIntStatusClear
                0x80002108        0xc ./bin/lib/ti/drivers/release/libdrivers.a(dmtimer.o)
                0x80002108                DMTimerIntStatusClear
 .text.DMTimerIntEnable
                0x80002114        0xc ./bin/lib/ti/drivers/release/libdrivers.a(dmtimer.o)
                0x80002114                DMTimerIntEnable
 .text.DMTimerIntDisable
                0x80002120        0xc ./bin/lib/ti/drivers/release/libdrivers.a(dmtimer.o)
                0x80002120                DMTimerIntDisable
 .text.UARTCharPut
                0x8000212c       0x30 ./bin/lib/ti/drivers/release/libdrivers.a(uart_irda_cir.o)
                0x8000212c                UARTCharPut
 .text.DMTimer2ModuleClkConfig
                0x8000215c      0x1a8 ./bin/lib/ti/platform/release/libplatform.a(dmtimer.o)
                0x8000215c                DMTimer2ModuleClkConfig
 .text.CacheEnable
                0x80002304       0x84 ./bin/lib/ti/system_config/release/libsystem_config.a(cache.o)
                0x80002304                CacheEnable
 .text          0x80002388      0x114 /opt/arm/lib/gcc/arm-none-eabi/4.7.4//libgcc.a(_udivsi3.o)
                0x80002388                __udivsi3
                0x80002388                __aeabi_uidiv
                0x8000247c                __aeabi_uidivmod
 .text          0x8000249c      0x148 /opt/arm/lib/gcc/arm-none-eabi/4.7.4//libgcc.a(_divsi3.o)
                0x8000249c                __aeabi_idiv
                0x8000249c                __divsi3
                0x800025c4                __aeabi_idivmod
 .text          0x800025e4        0x4 /opt/arm/lib/gcc/arm-none-eabi/4.7.4//libgcc.a(_dvmd_tls.o)
                0x800025e4                __aeabi_ldiv0
                0x800025e4                __aeabi_idiv0
 *(.rodata*)
 .rodata        0x800025e8        0xc main.o
 .rodata.str1.4
                0x800025f4        0x8 main.o
 .rodata.str1.4
                0x800025fc       0x50 ./bin/lib/ti/utils/release/libutils.a(consoleUtils.o)
 .rodata.str1.4
                0x8000264c       0x60 ./bin/lib/ti/utils/release/libutils.a(uartStdio.o)
 .rodata.vecTbl
                0x800026ac       0x38 ./bin/lib/ti/system_config/release/libsystem_config.a(startup.o)
 .rodata.str1.4
                0x800026e4        0x8 ./bin/lib/rtos/release/librtos.a(tasks.o)

.glue_7         0x800026ec        0x0
 .glue_7        0x00000000        0x0 linker stubs

.glue_7t        0x800026ec        0x0
 .glue_7t       0x00000000        0x0 linker stubs

.vfp11_veneer   0x800026ec        0x0
 .vfp11_veneer  0x00000000        0x0 linker stubs

.v4_bx          0x800026ec        0x0
 .v4_bx         0x00000000        0x0 linker stubs

.iplt           0x800026ec        0x0
 .iplt          0x00000000        0x0 main.o

.rel.dyn        0x800026ec        0x0
 .rel.iplt      0x00000000        0x0 main.o

.data           0x800026ec        0x0
                0x800026ec                . = ALIGN (0x4)
 *(.data*)

.igot.plt       0x800026ec        0x0
 .igot.plt      0x00000000        0x0 main.o

.bss            0x800026ec     0x6314
                0x800026ec                . = ALIGN (0x4)
                0x800026ec                _bss_start = .
 *(.bss*)
 .bss.ConsoleType
                0x800026ec        0x1 ./bin/lib/ti/utils/release/libutils.a(consoleUtils.o)
 *fill*         0x800026ed        0x3 00
 .bss.ulCriticalNesting
                0x800026f0        0x4 ./bin/lib/rtos/release/librtos.a(portISR.o)
                0x800026f0                ulCriticalNesting
 .bss.xNumOfOverflows
                0x800026f4        0x4 ./bin/lib/rtos/release/librtos.a(tasks.o)
 .bss.pxDelayedTaskList
                0x800026f8        0x4 ./bin/lib/rtos/release/librtos.a(tasks.o)
 .bss.xSchedulerRunning
                0x800026fc        0x4 ./bin/lib/rtos/release/librtos.a(tasks.o)
 .bss.uxSchedulerSuspended
                0x80002700        0x4 ./bin/lib/rtos/release/librtos.a(tasks.o)
 .bss.xDelayedTaskList1
                0x80002704       0x14 ./bin/lib/rtos/release/librtos.a(tasks.o)
 .bss.uxPendedTicks
                0x80002718        0x4 ./bin/lib/rtos/release/librtos.a(tasks.o)
 .bss.pxReadyTasksLists
                0x8000271c       0x64 ./bin/lib/rtos/release/librtos.a(tasks.o)
 .bss.xTasksWaitingTermination
                0x80002780       0x14 ./bin/lib/rtos/release/librtos.a(tasks.o)
 .bss.uxDeletedTasksWaitingCleanUp
                0x80002794        0x4 ./bin/lib/rtos/release/librtos.a(tasks.o)
 .bss.pxCurrentTCB
                0x80002798        0x4 ./bin/lib/rtos/release/librtos.a(tasks.o)
                0x80002798                pxCurrentTCB
 .bss.xNextTaskUnblockTime
                0x8000279c        0x4 ./bin/lib/rtos/release/librtos.a(tasks.o)
 .bss.xIdleTaskHandle
                0x800027a0        0x4 ./bin/lib/rtos/release/librtos.a(tasks.o)
 .bss.xTickCount
                0x800027a4        0x4 ./bin/lib/rtos/release/librtos.a(tasks.o)
 .bss.pxOverflowDelayedTaskList
                0x800027a8        0x4 ./bin/lib/rtos/release/librtos.a(tasks.o)
 .bss.xPendingReadyList
                0x800027ac       0x14 ./bin/lib/rtos/release/librtos.a(tasks.o)
 .bss.uxTaskNumber
                0x800027c0        0x4 ./bin/lib/rtos/release/librtos.a(tasks.o)
 .bss.uxCurrentNumberOfTasks
                0x800027c4        0x4 ./bin/lib/rtos/release/librtos.a(tasks.o)
 .bss.xDelayedTaskList2
                0x800027c8       0x14 ./bin/lib/rtos/release/librtos.a(tasks.o)
 .bss.xSuspendedTaskList
                0x800027dc       0x14 ./bin/lib/rtos/release/librtos.a(tasks.o)
 .bss.uxTopReadyPriority
                0x800027f0        0x4 ./bin/lib/rtos/release/librtos.a(tasks.o)
 .bss.xYieldPending
                0x800027f4        0x4 ./bin/lib/rtos/release/librtos.a(tasks.o)
 .bss.xNextFreeByte
                0x800027f8        0x4 ./bin/lib/rtos/release/librtos.a(heap_1.o)
 .bss.ucHeap    0x800027fc     0x6000 ./bin/lib/rtos/release/librtos.a(heap_1.o)
 .bss.pucAlignedHeap.5817
                0x800087fc        0x4 ./bin/lib/rtos/release/librtos.a(heap_1.o)
 *(COMMON)
 COMMON         0x80008800      0x200 ./bin/lib/ti/system_config/release/libsystem_config.a(interrupt.o)
                0x80008800                fnRAMVectors
                0x80008a00                _bss_end = .

.heap           0x80008a00      0x800
                0x80008a00                . = ALIGN (0x4)
                0x80008a00                __end__ = .
                0x80008a00                end = __end__
                0x80008a00                __HeapBase = __end__
 *(.heap*)
                0x80009200                . = (. + 0x800)
 *fill*         0x80008a00      0x800 00
                0x80009200                __HeapLimit = .

.stack          0x80009200  0x7fffff8
                0x80009200                . = ALIGN (0x4)
                0x80009200                __StackLimit = .
 *(.stack*)
                0x880091f8                . = (. + 0x7fffff8)
 *fill*         0x80009200  0x7fffff8 00
                0x880091f8                __StackTop = .
                0x880091f8                _stack = __StackTop
START GROUP
LOAD ./bin/lib/ti/drivers/release/libdrivers.a
LOAD ./bin/lib/ti/utils/release/libutils.a
LOAD ./bin/lib/ti/platform/release/libplatform.a
LOAD ./bin/lib/ti/system_config/release/libsystem_config.a
LOAD ./bin/lib/rtos/release/librtos.a
END GROUP
LOAD /opt/arm/arm-none-eabi/lib//libc.a
LOAD /opt/arm/lib/gcc/arm-none-eabi/4.7.4//libgcc.a
OUTPUT(app.out elf32-littlearm)

.debug_info     0x00000000     0x7737
 .debug_info    0x00000000      0x284 main.o
 .debug_info    0x00000284      0x78f ./bin/lib/ti/drivers/release/libdrivers.a(gpio_v2.o)
 .debug_info    0x00000a13      0x384 ./bin/lib/ti/utils/release/libutils.a(consoleUtils.o)
 .debug_info    0x00000d97      0xfce ./bin/lib/ti/utils/release/libutils.a(uartStdio.o)
 .debug_info    0x00001d65       0xd7 ./bin/lib/ti/platform/release/libplatform.a(gpio.o)
 .debug_info    0x00001e3c      0x270 ./bin/lib/ti/platform/release/libplatform.a(uartConsole.o)
 .debug_info    0x000020ac       0x91 ./bin/lib/ti/system_config/release/libsystem_config.a(init.o)
 .debug_info    0x0000213d      0x116 ./bin/lib/ti/system_config/release/libsystem_config.a(startup.o)
 .debug_info    0x00002253       0x91 ./bin/lib/ti/system_config/release/libsystem_config.a(cp15.o)
 .debug_info    0x000022e4       0xa4 ./bin/lib/ti/system_config/release/libsystem_config.a(exceptionhandler.o)
 .debug_info    0x00002388      0x4e5 ./bin/lib/ti/system_config/release/libsystem_config.a(interrupt.o)
 .debug_info    0x0000286d       0xef ./bin/lib/ti/system_config/release/libsystem_config.a(cpu.o)
 .debug_info    0x0000295c      0x235 ./bin/lib/rtos/release/librtos.a(portISR.o)
 .debug_info    0x00002b91     0x1a68 ./bin/lib/rtos/release/librtos.a(tasks.o)
 .debug_info    0x000045f9      0x186 ./bin/lib/rtos/release/librtos.a(heap_1.o)
 .debug_info    0x0000477f      0x2af ./bin/lib/rtos/release/librtos.a(list.o)
 .debug_info    0x00004a2e      0x28b ./bin/lib/rtos/release/librtos.a(port.o)
 .debug_info    0x00004cb9      0x76e ./bin/lib/ti/drivers/release/libdrivers.a(dmtimer.o)
 .debug_info    0x00005427     0x1fcd ./bin/lib/ti/drivers/release/libdrivers.a(uart_irda_cir.o)
 .debug_info    0x000073f4       0xcc ./bin/lib/ti/platform/release/libplatform.a(dmtimer.o)
 .debug_info    0x000074c0      0x277 ./bin/lib/ti/system_config/release/libsystem_config.a(cache.o)

.debug_abbrev   0x00000000     0x19ea
 .debug_abbrev  0x00000000      0x147 main.o
 .debug_abbrev  0x00000147      0x142 ./bin/lib/ti/drivers/release/libdrivers.a(gpio_v2.o)
 .debug_abbrev  0x00000289      0x1ab ./bin/lib/ti/utils/release/libutils.a(consoleUtils.o)
 .debug_abbrev  0x00000434      0x309 ./bin/lib/ti/utils/release/libutils.a(uartStdio.o)
 .debug_abbrev  0x0000073d       0x89 ./bin/lib/ti/platform/release/libplatform.a(gpio.o)
 .debug_abbrev  0x000007c6      0x10e ./bin/lib/ti/platform/release/libplatform.a(uartConsole.o)
 .debug_abbrev  0x000008d4       0x14 ./bin/lib/ti/system_config/release/libsystem_config.a(init.o)
 .debug_abbrev  0x000008e8       0xe8 ./bin/lib/ti/system_config/release/libsystem_config.a(startup.o)
 .debug_abbrev  0x000009d0       0x14 ./bin/lib/ti/system_config/release/libsystem_config.a(cp15.o)
 .debug_abbrev  0x000009e4       0x14 ./bin/lib/ti/system_config/release/libsystem_config.a(exceptionhandler.o)
 .debug_abbrev  0x000009f8      0x20b ./bin/lib/ti/system_config/release/libsystem_config.a(interrupt.o)
 .debug_abbrev  0x00000c03       0x64 ./bin/lib/ti/system_config/release/libsystem_config.a(cpu.o)
 .debug_abbrev  0x00000c67      0x123 ./bin/lib/rtos/release/librtos.a(portISR.o)
 .debug_abbrev  0x00000d8a      0x3a2 ./bin/lib/rtos/release/librtos.a(tasks.o)
 .debug_abbrev  0x0000112c      0x108 ./bin/lib/rtos/release/librtos.a(heap_1.o)
 .debug_abbrev  0x00001234       0xf8 ./bin/lib/rtos/release/librtos.a(list.o)
 .debug_abbrev  0x0000132c      0x15e ./bin/lib/rtos/release/librtos.a(port.o)
 .debug_abbrev  0x0000148a      0x18e ./bin/lib/ti/drivers/release/libdrivers.a(dmtimer.o)
 .debug_abbrev  0x00001618      0x2cd ./bin/lib/ti/drivers/release/libdrivers.a(uart_irda_cir.o)
 .debug_abbrev  0x000018e5       0x7a ./bin/lib/ti/platform/release/libplatform.a(dmtimer.o)
 .debug_abbrev  0x0000195f       0x8b ./bin/lib/ti/system_config/release/libsystem_config.a(cache.o)

.debug_loc      0x00000000     0x60ec
 .debug_loc     0x00000000       0xca main.o
 .debug_loc     0x000000ca      0x4d1 ./bin/lib/ti/drivers/release/libdrivers.a(gpio_v2.o)
 .debug_loc     0x0000059b      0x31b ./bin/lib/ti/utils/release/libutils.a(consoleUtils.o)
 .debug_loc     0x000008b6     0x18e1 ./bin/lib/ti/utils/release/libutils.a(uartStdio.o)
 .debug_loc     0x00002197       0x35 ./bin/lib/ti/platform/release/libplatform.a(gpio.o)
 .debug_loc     0x000021cc       0xab ./bin/lib/ti/platform/release/libplatform.a(uartConsole.o)
 .debug_loc     0x00002277       0x34 ./bin/lib/ti/system_config/release/libsystem_config.a(startup.o)
 .debug_loc     0x000022ab      0x248 ./bin/lib/ti/system_config/release/libsystem_config.a(interrupt.o)
 .debug_loc     0x000024f3       0x20 ./bin/lib/rtos/release/librtos.a(portISR.o)
 .debug_loc     0x00002513     0x16b4 ./bin/lib/rtos/release/librtos.a(tasks.o)
 .debug_loc     0x00003bc7       0xb2 ./bin/lib/rtos/release/librtos.a(heap_1.o)
 .debug_loc     0x00003c79       0x5f ./bin/lib/rtos/release/librtos.a(list.o)
 .debug_loc     0x00003cd8      0x133 ./bin/lib/rtos/release/librtos.a(port.o)
 .debug_loc     0x00003e0b      0x210 ./bin/lib/ti/drivers/release/libdrivers.a(dmtimer.o)
 .debug_loc     0x0000401b     0x1e21 ./bin/lib/ti/drivers/release/libdrivers.a(uart_irda_cir.o)
 .debug_loc     0x00005e3c      0x2b0 ./bin/lib/ti/system_config/release/libsystem_config.a(cache.o)

.debug_aranges  0x00000000      0xa90
 .debug_aranges
                0x00000000       0x38 main.o
 .debug_aranges
                0x00000038      0x100 ./bin/lib/ti/drivers/release/libdrivers.a(gpio_v2.o)
 .debug_aranges
                0x00000138       0x58 ./bin/lib/ti/utils/release/libutils.a(consoleUtils.o)
 .debug_aranges
                0x00000190       0x80 ./bin/lib/ti/utils/release/libutils.a(uartStdio.o)
 .debug_aranges
                0x00000210       0x40 ./bin/lib/ti/platform/release/libplatform.a(gpio.o)
 .debug_aranges
                0x00000250       0x30 ./bin/lib/ti/platform/release/libplatform.a(uartConsole.o)
 .debug_aranges
                0x00000280       0x20 ./bin/lib/ti/system_config/release/libsystem_config.a(init.o)
 .debug_aranges
                0x000002a0       0x20 ./bin/lib/ti/system_config/release/libsystem_config.a(startup.o)
 .debug_aranges
                0x000002c0       0x20 ./bin/lib/ti/system_config/release/libsystem_config.a(cp15.o)
 .debug_aranges
                0x000002e0       0x20 ./bin/lib/ti/system_config/release/libsystem_config.a(exceptionhandler.o)
 .debug_aranges
                0x00000300      0x110 ./bin/lib/ti/system_config/release/libsystem_config.a(interrupt.o)
 .debug_aranges
                0x00000410       0x58 ./bin/lib/ti/system_config/release/libsystem_config.a(cpu.o)
 .debug_aranges
                0x00000468       0x40 ./bin/lib/rtos/release/librtos.a(portISR.o)
 .debug_aranges
                0x000004a8      0x140 ./bin/lib/rtos/release/librtos.a(tasks.o)
 .debug_aranges
                0x000005e8       0x38 ./bin/lib/rtos/release/librtos.a(heap_1.o)
 .debug_aranges
                0x00000620       0x40 ./bin/lib/rtos/release/librtos.a(list.o)
 .debug_aranges
                0x00000660       0x30 ./bin/lib/rtos/release/librtos.a(port.o)
 .debug_aranges
                0x00000690       0xe8 ./bin/lib/ti/drivers/release/libdrivers.a(dmtimer.o)
 .debug_aranges
                0x00000778      0x268 ./bin/lib/ti/drivers/release/libdrivers.a(uart_irda_cir.o)
 .debug_aranges
                0x000009e0       0x48 ./bin/lib/ti/platform/release/libplatform.a(dmtimer.o)
 .debug_aranges
                0x00000a28       0x68 ./bin/lib/ti/system_config/release/libsystem_config.a(cache.o)

.debug_ranges   0x00000000     0x1288
 .debug_ranges  0x00000000       0x28 main.o
 .debug_ranges  0x00000028       0xf0 ./bin/lib/ti/drivers/release/libdrivers.a(gpio_v2.o)
 .debug_ranges  0x00000118       0x48 ./bin/lib/ti/utils/release/libutils.a(consoleUtils.o)
 .debug_ranges  0x00000160      0x330 ./bin/lib/ti/utils/release/libutils.a(uartStdio.o)
 .debug_ranges  0x00000490       0x30 ./bin/lib/ti/platform/release/libplatform.a(gpio.o)
 .debug_ranges  0x000004c0       0x60 ./bin/lib/ti/platform/release/libplatform.a(uartConsole.o)
 .debug_ranges  0x00000520       0x10 ./bin/lib/ti/system_config/release/libsystem_config.a(startup.o)
 .debug_ranges  0x00000530      0x130 ./bin/lib/ti/system_config/release/libsystem_config.a(interrupt.o)
 .debug_ranges  0x00000660       0x48 ./bin/lib/ti/system_config/release/libsystem_config.a(cpu.o)
 .debug_ranges  0x000006a8       0x60 ./bin/lib/rtos/release/librtos.a(portISR.o)
 .debug_ranges  0x00000708      0x3c0 ./bin/lib/rtos/release/librtos.a(tasks.o)
 .debug_ranges  0x00000ac8       0x28 ./bin/lib/rtos/release/librtos.a(heap_1.o)
 .debug_ranges  0x00000af0       0x30 ./bin/lib/rtos/release/librtos.a(list.o)
 .debug_ranges  0x00000b20       0x38 ./bin/lib/rtos/release/librtos.a(port.o)
 .debug_ranges  0x00000b58       0xd8 ./bin/lib/ti/drivers/release/libdrivers.a(dmtimer.o)
 .debug_ranges  0x00000c30      0x5c8 ./bin/lib/ti/drivers/release/libdrivers.a(uart_irda_cir.o)
 .debug_ranges  0x000011f8       0x38 ./bin/lib/ti/platform/release/libplatform.a(dmtimer.o)
 .debug_ranges  0x00001230       0x58 ./bin/lib/ti/system_config/release/libsystem_config.a(cache.o)

.debug_line     0x00000000     0x32ad
 .debug_line    0x00000000       0x9a main.o
 .debug_line    0x0000009a      0x2dd ./bin/lib/ti/drivers/release/libdrivers.a(gpio_v2.o)
 .debug_line    0x00000377      0x18b ./bin/lib/ti/utils/release/libutils.a(consoleUtils.o)
 .debug_line    0x00000502      0x838 ./bin/lib/ti/utils/release/libutils.a(uartStdio.o)
 .debug_line    0x00000d3a       0xed ./bin/lib/ti/platform/release/libplatform.a(gpio.o)
 .debug_line    0x00000e27       0xa5 ./bin/lib/ti/platform/release/libplatform.a(uartConsole.o)
 .debug_line    0x00000ecc       0x94 ./bin/lib/ti/system_config/release/libsystem_config.a(init.o)
 .debug_line    0x00000f60       0x77 ./bin/lib/ti/system_config/release/libsystem_config.a(startup.o)
 .debug_line    0x00000fd7      0x18b ./bin/lib/ti/system_config/release/libsystem_config.a(cp15.o)
 .debug_line    0x00001162       0xb8 ./bin/lib/ti/system_config/release/libsystem_config.a(exceptionhandler.o)
 .debug_line    0x0000121a      0x2e1 ./bin/lib/ti/system_config/release/libsystem_config.a(interrupt.o)
 .debug_line    0x000014fb       0xd7 ./bin/lib/ti/system_config/release/libsystem_config.a(cpu.o)
 .debug_line    0x000015d2       0xfb ./bin/lib/rtos/release/librtos.a(portISR.o)
 .debug_line    0x000016cd      0x818 ./bin/lib/rtos/release/librtos.a(tasks.o)
 .debug_line    0x00001ee5      0x138 ./bin/lib/rtos/release/librtos.a(heap_1.o)
 .debug_line    0x0000201d      0x104 ./bin/lib/rtos/release/librtos.a(list.o)
 .debug_line    0x00002121      0x157 ./bin/lib/rtos/release/librtos.a(port.o)
 .debug_line    0x00002278      0x378 ./bin/lib/ti/drivers/release/libdrivers.a(dmtimer.o)
 .debug_line    0x000025f0      0x99a ./bin/lib/ti/drivers/release/libdrivers.a(uart_irda_cir.o)
 .debug_line    0x00002f8a      0x211 ./bin/lib/ti/platform/release/libplatform.a(dmtimer.o)
 .debug_line    0x0000319b      0x112 ./bin/lib/ti/system_config/release/libsystem_config.a(cache.o)

.debug_str      0x00000000     0x267d
 .debug_str     0x00000000       0xf9 main.o
                                0x132 (size before relaxing)
 .debug_str     0x000000f9      0x34d ./bin/lib/ti/drivers/release/libdrivers.a(gpio_v2.o)
                                0x3b1 (size before relaxing)
 .debug_str     0x00000446      0x198 ./bin/lib/ti/utils/release/libutils.a(consoleUtils.o)
                                0x27b (size before relaxing)
 .debug_str     0x000005de      0x1b2 ./bin/lib/ti/utils/release/libutils.a(uartStdio.o)
                                0x298 (size before relaxing)
 .debug_str     0x00000790       0xd3 ./bin/lib/ti/platform/release/libplatform.a(gpio.o)
                                0x140 (size before relaxing)
 .debug_str     0x00000863       0xc7 ./bin/lib/ti/platform/release/libplatform.a(uartConsole.o)
                                0x16c (size before relaxing)
 .debug_str     0x0000092a       0xa9 ./bin/lib/ti/system_config/release/libsystem_config.a(startup.o)
                                0x11c (size before relaxing)
 .debug_str     0x000009d3      0x29d ./bin/lib/ti/system_config/release/libsystem_config.a(interrupt.o)
                                0x367 (size before relaxing)
 .debug_str     0x00000c70       0xa0 ./bin/lib/ti/system_config/release/libsystem_config.a(cpu.o)
                                0x12e (size before relaxing)
 .debug_str     0x00000d10       0xaa ./bin/lib/rtos/release/librtos.a(portISR.o)
                                0x19d (size before relaxing)
 .debug_str     0x00000dba      0xa0e ./bin/lib/rtos/release/librtos.a(tasks.o)
                                0xb74 (size before relaxing)
 .debug_str     0x000017c8       0x94 ./bin/lib/rtos/release/librtos.a(heap_1.o)
                                0x1b3 (size before relaxing)
 .debug_str     0x0000185c       0xab ./bin/lib/rtos/release/librtos.a(list.o)
                                0x25d (size before relaxing)
 .debug_str     0x00001907       0x7f ./bin/lib/rtos/release/librtos.a(port.o)
                                0x1e6 (size before relaxing)
 .debug_str     0x00001986      0x2af ./bin/lib/ti/drivers/release/libdrivers.a(dmtimer.o)
                                0x358 (size before relaxing)
 .debug_str     0x00001c35      0x863 ./bin/lib/ti/drivers/release/libdrivers.a(uart_irda_cir.o)
                                0x951 (size before relaxing)
 .debug_str     0x00002498       0xc0 ./bin/lib/ti/platform/release/libplatform.a(dmtimer.o)
                                0x157 (size before relaxing)
 .debug_str     0x00002558      0x125 ./bin/lib/ti/system_config/release/libsystem_config.a(cache.o)
                                0x1b3 (size before relaxing)

.comment        0x00000000       0x70
 .comment       0x00000000       0x70 main.o
                                 0x71 (size before relaxing)
 .comment       0x00000000       0x71 ./bin/lib/ti/drivers/release/libdrivers.a(gpio_v2.o)
 .comment       0x00000000       0x71 ./bin/lib/ti/utils/release/libutils.a(consoleUtils.o)
 .comment       0x00000000       0x71 ./bin/lib/ti/utils/release/libutils.a(uartStdio.o)
 .comment       0x00000000       0x71 ./bin/lib/ti/platform/release/libplatform.a(gpio.o)
 .comment       0x00000000       0x71 ./bin/lib/ti/platform/release/libplatform.a(uartConsole.o)
 .comment       0x00000000       0x71 ./bin/lib/ti/system_config/release/libsystem_config.a(startup.o)
 .comment       0x00000000       0x71 ./bin/lib/ti/system_config/release/libsystem_config.a(interrupt.o)
 .comment       0x00000000       0x71 ./bin/lib/ti/system_config/release/libsystem_config.a(cpu.o)
 .comment       0x00000000       0x71 ./bin/lib/rtos/release/librtos.a(portISR.o)
 .comment       0x00000000       0x71 ./bin/lib/rtos/release/librtos.a(tasks.o)
 .comment       0x00000000       0x71 ./bin/lib/rtos/release/librtos.a(heap_1.o)
 .comment       0x00000000       0x71 ./bin/lib/rtos/release/librtos.a(list.o)
 .comment       0x00000000       0x71 ./bin/lib/rtos/release/librtos.a(port.o)
 .comment       0x00000000       0x71 ./bin/lib/ti/drivers/release/libdrivers.a(dmtimer.o)
 .comment       0x00000000       0x71 ./bin/lib/ti/drivers/release/libdrivers.a(uart_irda_cir.o)
 .comment       0x00000000       0x71 ./bin/lib/ti/platform/release/libplatform.a(dmtimer.o)
 .comment       0x00000000       0x71 ./bin/lib/ti/system_config/release/libsystem_config.a(cache.o)

.ARM.attributes
                0x00000000       0x3b
 .ARM.attributes
                0x00000000       0x3d main.o
 .ARM.attributes
                0x0000003d       0x3d ./bin/lib/ti/drivers/release/libdrivers.a(gpio_v2.o)
 .ARM.attributes
                0x0000007a       0x3d ./bin/lib/ti/utils/release/libutils.a(consoleUtils.o)
 .ARM.attributes
                0x000000b7       0x3d ./bin/lib/ti/utils/release/libutils.a(uartStdio.o)
 .ARM.attributes
                0x000000f4       0x3d ./bin/lib/ti/platform/release/libplatform.a(gpio.o)
 .ARM.attributes
                0x00000131       0x3d ./bin/lib/ti/platform/release/libplatform.a(uartConsole.o)
 .ARM.attributes
                0x0000016e       0x23 ./bin/lib/ti/system_config/release/libsystem_config.a(init.o)
 .ARM.attributes
                0x00000191       0x3d ./bin/lib/ti/system_config/release/libsystem_config.a(startup.o)
 .ARM.attributes
                0x000001ce       0x23 ./bin/lib/ti/system_config/release/libsystem_config.a(cp15.o)
 .ARM.attributes
                0x000001f1       0x23 ./bin/lib/ti/system_config/release/libsystem_config.a(exceptionhandler.o)
 .ARM.attributes
                0x00000214       0x3d ./bin/lib/ti/system_config/release/libsystem_config.a(interrupt.o)
 .ARM.attributes
                0x00000251       0x3d ./bin/lib/ti/system_config/release/libsystem_config.a(cpu.o)
 .ARM.attributes
                0x0000028e       0x3d ./bin/lib/rtos/release/librtos.a(portISR.o)
 .ARM.attributes
                0x000002cb       0x3d ./bin/lib/rtos/release/librtos.a(tasks.o)
 .ARM.attributes
                0x00000308       0x3d ./bin/lib/rtos/release/librtos.a(heap_1.o)
 .ARM.attributes
                0x00000345       0x3d ./bin/lib/rtos/release/librtos.a(list.o)
 .ARM.attributes
                0x00000382       0x3d ./bin/lib/rtos/release/librtos.a(port.o)
 .ARM.attributes
                0x000003bf       0x3d ./bin/lib/ti/drivers/release/libdrivers.a(dmtimer.o)
 .ARM.attributes
                0x000003fc       0x3d ./bin/lib/ti/drivers/release/libdrivers.a(uart_irda_cir.o)
 .ARM.attributes
                0x00000439       0x3d ./bin/lib/ti/platform/release/libplatform.a(dmtimer.o)
 .ARM.attributes
                0x00000476       0x3d ./bin/lib/ti/system_config/release/libsystem_config.a(cache.o)
 .ARM.attributes
                0x000004b3       0x18 /opt/arm/lib/gcc/arm-none-eabi/4.7.4//libgcc.a(_udivsi3.o)
 .ARM.attributes
                0x000004cb       0x18 /opt/arm/lib/gcc/arm-none-eabi/4.7.4//libgcc.a(_divsi3.o)
 .ARM.attributes
                0x000004e3       0x18 /opt/arm/lib/gcc/arm-none-eabi/4.7.4//libgcc.a(_dvmd_tls.o)

.debug_frame    0x00000000     0x16a8
 .debug_frame   0x00000000       0x78 main.o
 .debug_frame   0x00000078      0x1e0 ./bin/lib/ti/drivers/release/libdrivers.a(gpio_v2.o)
 .debug_frame   0x00000258       0xec ./bin/lib/ti/utils/release/libutils.a(consoleUtils.o)
 .debug_frame   0x00000344      0x1cc ./bin/lib/ti/utils/release/libutils.a(uartStdio.o)
 .debug_frame   0x00000510       0x60 ./bin/lib/ti/platform/release/libplatform.a(gpio.o)
 .debug_frame   0x00000570       0x58 ./bin/lib/ti/platform/release/libplatform.a(uartConsole.o)
 .debug_frame   0x000005c8       0x28 ./bin/lib/ti/system_config/release/libsystem_config.a(startup.o)
 .debug_frame   0x000005f0      0x238 ./bin/lib/ti/system_config/release/libsystem_config.a(interrupt.o)
 .debug_frame   0x00000828       0x90 ./bin/lib/ti/system_config/release/libsystem_config.a(cpu.o)
 .debug_frame   0x000008b8       0x68 ./bin/lib/rtos/release/librtos.a(portISR.o)
 .debug_frame   0x00000920      0x3e0 ./bin/lib/rtos/release/librtos.a(tasks.o)
 .debug_frame   0x00000d00       0x58 ./bin/lib/rtos/release/librtos.a(heap_1.o)
 .debug_frame   0x00000d58       0x68 ./bin/lib/rtos/release/librtos.a(list.o)
 .debug_frame   0x00000dc0       0x4c ./bin/lib/rtos/release/librtos.a(port.o)
 .debug_frame   0x00000e0c      0x1b0 ./bin/lib/ti/drivers/release/libdrivers.a(dmtimer.o)
 .debug_frame   0x00000fbc      0x53c ./bin/lib/ti/drivers/release/libdrivers.a(uart_irda_cir.o)
 .debug_frame   0x000014f8       0x70 ./bin/lib/ti/platform/release/libplatform.a(dmtimer.o)
 .debug_frame   0x00001568      0x100 ./bin/lib/ti/system_config/release/libsystem_config.a(cache.o)
 .debug_frame   0x00001668       0x20 /opt/arm/lib/gcc/arm-none-eabi/4.7.4//libgcc.a(_udivsi3.o)
 .debug_frame   0x00001688       0x20 /opt/arm/lib/gcc/arm-none-eabi/4.7.4//libgcc.a(_divsi3.o)
